../Core/Src/main.c:103:6:HAL_UART_RxCpltCallback	16	static
../Core/Src/main.c:123:5:main	8	static
../Core/Src/main.c:186:6:SystemClock_Config	88	static
../Core/Src/main.c:230:13:MX_ADC1_Init	24	static
../Core/Src/main.c:277:13:MX_TIM2_Init	32	static
../Core/Src/main.c:322:13:MX_USART2_UART_Init	8	static
../Core/Src/main.c:355:13:MX_GPIO_Init	32	static
../Core/Src/main.c:381:6:command_parser_fsm	16	static
../Core/Src/main.c:424:6:uart_communication_fsm	8	static
../Core/Src/main.c:467:6:Error_Handler	4	static,ignoring_inline_asm
